     1                                  global _start                      ; делаем метку метку _start видимой извне
     2                                   
     3                                  section .data                      ; секция данных
     4 00000000 48656C6C6F20776F72-         message db  "Hello world!", 10 ; строка для вывода на консоль
     4 00000009 6C64210A           
     5                                      length  equ $ - message
     6 0000000D 48656C6C6F2E747874          fname db "Hello.txt"           ; имя файла
     7                                   
     8                                  section .text                      ; объявление секции кода
     9                                  _start:                            ; точка входа в программу
    10 00000000 B802000000                  mov rax, 2                     ; 2 - номер системного вызова функции open
    11 00000005 48BF-                       mov rdi, fname                 ; имя открывемого файла
    11 00000007 [0D00000000000000] 
    12 0000000F BE41020000                  mov rsi, 241h                  ; только создание запись
    13 00000014 BAB6010000                  mov rdx, 0666q                 ; права доступа
    14 00000019 0F05                        syscall
    15                                      
    16 0000001B 83F800                      cmp eax, 0                     ; сравнить код ошибки с нулём
    17 0000001E 7239                        jb err                         ; переход при eax < 0
    18                                      
    19 00000020 89C3                        mov ebx, eax    
    20                                  
    21 00000022 B801000000                  mov rax, 1                     ; 1 - номер системного вызова функции write
    22 00000027 89DF                        mov edi, ebx                   ; ebx - дескриптор файла 
    23 00000029 48BE-                       mov rsi, message               ; адрес строки для вывод
    23 0000002B [0000000000000000] 
    24 00000033 BA0D000000                  mov rdx, length                ; количество байтов
    25 00000038 0F05                        syscall                        ; выполняем системный вызов write
    26                                      
    27 0000003A 83F800                      cmp eax, 0                     ; сравнить код ошибки с нулём
    28 0000003D 721A                        jb err                         ; переход при eax < 0
    29                                  
    30                                  
    31 0000003F 89DF                        mov edi, ebx                   ; дескриптор файла
    32 00000041 B803000000                  mov rax, 3                     ; 3  - номер системного вызова функции close
    33 00000046 0F05                        syscall  
    34                                  
    35 00000048 83F800                      cmp eax, 0                     ; сравнить код ошибки с нулём
    36 0000004B 720C                        jb err                         ; переход при eax < 0
    37                                  
    38                                      ;обычный выход
    39 0000004D B83C000000                  mov rax, 60 		           ; 60 - номер системного вызова exit
    40 00000052 BF00000000              	mov rdi, 0 	                   ; код возврата - 0
    41 00000057 0F05                    	syscall
    42                                  
    43                                  err:    
    44 00000059 89C7                        mov edi, eax                   ; rdi <- eax (код возврата - число записанных символов)
    45 0000005B B83C000000                  mov rax, 60                    ; 60 - номер системного вызова exit
    46 00000060 0F05                        syscall                        ; выполняем системный вызов exit
