     1                                  global _start                      ; делаем метку метку _start видимой извне
     2                                   
     3                                  section .data                      ; секция данных
     4 00000000 48656C6C6F20776F72-         message db  "Hello world!", 10 ; строка для вывода на консоль
     4 00000009 6C64210A           
     5                                      length  equ $ - message
     6 0000000D 48656C6C6F2E747874          fname db "Hello.txt"           ; имя файла
     7                                   
     8                                  section .text                      ; объявление секции кода
     9                                  _start:                            ; точка входа в программу
    10 00000000 B802000000                  mov rax, 2                     ; 2 - номер системного вызова функции open
    11 00000005 48BF-                       mov rdi, fname                 ; имя открывемого файла
    11 00000007 [0D00000000000000] 
    12 0000000F BE41020000                  mov rsi, 241h                  ; только создание запись
    13 00000014 BAB6010000                  mov rdx, 0666q                 ; права доступа
    14 00000019 0F05                        syscall
    15                                  
    16 0000001B 89C3                        mov ebx, eax    
    17                                  
    18 0000001D B801000000                  mov rax, 1                     ; 1 - номер системного вызова функции write
    19 00000022 89DF                        mov edi, ebx                   ; ebx - дескриптор файла 
    20 00000024 48BE-                       mov rsi, message               ; адрес строки для вывод
    20 00000026 [0000000000000000] 
    21 0000002E BA0D000000                  mov rdx, length                ; количество байтов
    22 00000033 0F05                        syscall                        ; выполняем системный вызов write
    23                                      
    24 00000035 89DF                        mov edi, ebx                   ; дескриптор файла
    25 00000037 B803000000                  mov rax, 3                     ; 3  - номер системного вызова функции close
    26 0000003C 0F05                        syscall  
    27                                  
    28 0000003E 89C7                        mov edi, eax                   ; rdi <- eax (код возврата)
    29 00000040 B83C000000                  mov rax, 60                    ; 60 - номер системного вызова exit
    30 00000045 0F05                        syscall                        ; выполняем системный вызов exit
